// Jest Snapshot v1, https://goo.gl/fbAQLP

exports[`SignIn snapshot should render correctly 1`] = `
Array [
  <div
    class="pageHeader"
  >
    Welcome to Home Page
  </div>,
  <div />,
]
`;
