// Jest Snapshot v1, https://goo.gl/fbAQLP

exports[`HomePage snapshot should render correctly 1`] = `
<div
  class="pageHeader"
>
  Welcome to Home Page
</div>
`;
