// Jest Snapshot v1, https://goo.gl/fbAQLP

exports[`Button Component snapshot should render correctly 1`] = `
<div
  className="buttonComponent"
>
  <button
    className="button button-block"
    type="button"
  >
    Submit
  </button>
</div>
`;
