// Jest Snapshot v1, https://goo.gl/fbAQLP

exports[`Login snapshot should render correctly 1`] = `
<div
  className="registrationForm"
>
  <ul
    class="tab-group"
  >
    <li
      class="tab active"
    />
    <li
      class="tab"
    />
  </ul>
  <div
    class="tab-content"
  >
    <div
      id="signup"
    >
      <h1>
        Sign Up for Free
      </h1>
      <form
        action="/"
        method="post"
      >
        <div
          class="field-wrap"
        >
          <div
            className="inputComponent"
          >
            <label
              htmlFor="RegistrationUserName"
            >
              Username
              <span
                className="req"
              >
                *
              </span>
            </label>
            <input
              autoComplete="off"
              id="RegistrationUserName"
              placeholder="Barack@president"
              type="text"
            />
          </div>
        </div>
        <div
          class="field-wrap"
        >
          <div
            className="inputComponent"
          >
            <label
              htmlFor="RegistrationName"
            >
              Name
              <span
                className="req"
              >
                *
              </span>
            </label>
            <input
              autoComplete="off"
              id="RegistrationName"
              placeholder="Barack Obama"
              type="text"
            />
          </div>
        </div>
        <div
          class="field-wrap"
        >
          <div
            className="inputComponent"
          >
            <label
              htmlFor="RegistrationEmail"
            >
              Email ID
              <span
                className="req"
              >
                *
              </span>
            </label>
            <input
              autoComplete="off"
              id="RegistrationEmail"
              placeholder="example@mail.com"
              type="email"
            />
          </div>
        </div>
        <div
          class="field-wrap"
        >
          <div
            className="inputComponent"
          >
            <label
              htmlFor="RegistrationPassword"
            >
              Password
              <span
                className="req"
              >
                *
              </span>
            </label>
            <input
              autoComplete="off"
              id="RegistrationPassword"
              placeholder="Password"
              type="password"
            />
          </div>
        </div>
        <div
          className="buttonComponent"
        >
          <button
            className="button button-block"
            type="submit"
          >
            Get Started
          </button>
        </div>
      </form>
    </div>
    <div
      id="login"
    />
  </div>
</div>
`;
